a{color:#000;display:-webkit-flex;display:-ms-flexbox;display:flex;transition:1s}
