.menu,.menu_link{width:200px}.menu_link{background:#056ef0}body{background:#000}
