.phone_title{width:500px}.phone body.is_dark{color:#fff}.phone img{display:block}
